
> helium10-blog-github@0.0.1 build
> astro build

Node.js v20.20.2 is not supported by Astro!
Please upgrade Node.js to a supported version: ">=22.12.0"

GitHub Actions CI Environment Detected!
Additional steps may be needed to set your Node.js version:
Documentation: https://docs.astro.build/en/guides/deploy/

